// Jest Snapshot v1, https://goo.gl/fbAQLP

exports[`Item renders snapshot 1`] = `
<li
  class="item"
>
  <span>
    <a />
  </span>
  <span />
  <span />
  <span />
  <span>
    <button
      class="button buttonSmall"
      type="button"
    >
      dismiss
      <svg
        height="18px"
        width="18px"
      >
        check.svg
      </svg>
    </button>
  </span>
</li>
`;

exports[`SearchForm renders snapshot 1`] = `
<form
  class="searchForm"
>
  <label
    class="label"
    for="search"
  >
    <strong>
      Search:
    </strong>
  </label>
  Â 
  <input
    class="input"
    id="search"
    type="text"
    value="React"
  />
  <button
    class="button buttonLarge"
    type="submit"
  >
    Submit
  </button>
</form>
`;
